-3.64862         21.8193        0.983063         25.2449         4.46257
-5.31976         21.1904         1.77053         20.2763         4.08947
-2.56821         25.6493        0.955113         34.1098         4.44268
-4.15014         20.9968         1.55281         21.0493         4.48958
-2.93413         17.6165        0.890731          19.719         4.53084
-4.56914         20.7233         1.01153         19.8558         4.57119
-4.81047         21.8763         1.79942         21.4365         4.34622
-3.51796         20.9144         1.31522         21.1982         4.64437
-4.37065         23.6572         1.19545         22.2878         4.64159
0.826038         19.8641         1.01918         30.8099         4.34333
-4.42359         22.4517         1.68981         22.7826          4.1416
-4.2769          21.878         1.20049         24.5429          4.4527
-3.1927         18.1247          1.5612         18.5851         4.54168
-4.26007         21.1911         1.55225         21.1998          4.4884
-3.40591         20.6631         0.98621         20.8724         4.53784
-3.40669         20.5178        0.892114         19.9038         4.62833
-1.98118         15.8941         1.87697         22.1815         4.47726
-4.30899         21.2295         1.09552         23.4122         4.46298
-4.68356         21.9181         1.07195         21.1133         4.33303
3.29027         17.8941        0.937177          32.116         4.69321
3.69797         18.2953         1.12408         37.1333          4.5997
0.991849         15.6803         1.07138         30.8038         4.67312
-2.48307          16.725         1.33754         25.6921         4.68313
-0.675765         23.1212         0.88287          40.062         4.60935
-3.22546         18.1623        0.916185         19.9424         4.55415
-4.53149          26.876         1.56117         26.7309         4.51781
-0.0782106         29.5618          1.0722         51.2164         4.71034
-1.1746         20.5291         1.19775         26.1129          4.4942
-1.18195         20.9326        0.917395         29.2268         4.58814
-0.565506          23.859         1.22311         49.9516         4.42172
-1.14587         23.6225         1.29876         30.3113         4.37541
1.75556         17.2734         0.70855         29.9606         4.56074
2.35067         23.1351        0.948542         37.4191         4.67312
-4.78841         23.6155         1.04469         21.5917         4.49975
-4.07002         20.0511        0.899107         19.4945         4.61914
-0.0442462         18.8202        0.581312         29.7652         4.69947
-0.713686         19.7629        0.912266         26.2727         4.67152
-2.46294         22.7668        0.963984         34.5935         4.66584
0.32177         26.6271        0.877224          47.424         4.69041
0.296974         26.1116        0.974088         40.8314         4.71963
0.224691         21.4213        0.779271         32.0513         4.68331
-3.10928          18.458          1.0216         20.8321         4.67247
